// Jest Snapshot v1, https://goo.gl/fbAQLP

exports[`matches snapshot - with reset 1`] = `[Function]`;

exports[`matches snapshot - without reset 1`] = `[Function]`;
